============================= test session starts =============================
platform win32 -- Python 3.11.9, pytest-9.0.2, pluggy-1.6.0 -- C:\Users\admin\Desktop\Projects\CyberIntelligence\API-PENTESTER\.venv\Scripts\python.exe
cachedir: .pytest_cache
rootdir: C:\Users\admin\Desktop\Projects\CyberIntelligence\API-PENTESTER
configfile: pyproject.toml
plugins: anyio-4.12.1, cov-7.0.0
collecting ... collected 32 items

tests/test_instructions.py::TestParseInstructions::test_parse_single_instruction_basic PASSED [  3%]
tests/test_instructions.py::TestParseInstructions::test_parse_multiple_instructions PASSED [  6%]
tests/test_instructions.py::TestParseInstructions::test_parse_instruction_value_contains_equals PASSED [  9%]
tests/test_instructions.py::TestParseInstructions::test_parse_instruction_extra_whitespace PASSED [ 12%]
tests/test_instructions.py::TestParseInstructions::test_parse_instruction_empty_string PASSED [ 15%]
tests/test_instructions.py::TestParseInstructions::test_parse_instruction_none_value PASSED [ 18%]
tests/test_instructions.py::TestParseInstructions::test_parse_instruction_malformed_no_equals PASSED [ 21%]
tests/test_instructions.py::TestParseInstructions::test_parse_instruction_empty_key_skipped PASSED [ 25%]
tests/test_instructions.py::TestParseInstructions::test_parse_instruction_all_five_slots PASSED [ 28%]
tests/test_instructions.py::TestParseInstructions::test_parse_instruction_sparse_slots PASSED [ 31%]
tests/test_instructions.py::TestInstructionSetModel::test_instruction_set_creation PASSED [ 34%]
tests/test_instructions.py::TestInstructionSetModel::test_instruction_set_empty_variables PASSED [ 37%]
tests/test_instructions.py::TestInstructionSetModel::test_instruction_set_default_variables PASSED [ 40%]
tests/test_instructions.py::TestInstructionSetModel::test_instruction_set_model_dump PASSED [ 43%]
tests/test_instructions.py::TestInstructionSetModel::test_instruction_set_json_serialize PASSED [ 46%]
tests/test_instructions.py::TestResolveIdentities::test_resolve_identities_explicit_identities_take_precedence PASSED [ 50%]
tests/test_instructions.py::TestResolveIdentities::test_resolve_identities_from_instructions_token PASSED [ 53%]
tests/test_instructions.py::TestResolveIdentities::test_resolve_identities_from_instructions_capitalized_vars PASSED [ 56%]
tests/test_instructions.py::TestResolveIdentities::test_resolve_identities_multiple_instructions PASSED [ 59%]
tests/test_instructions.py::TestResolveIdentities::test_resolve_identities_merges_with_existing_auth_headers PASSED [ 62%]
tests/test_instructions.py::TestResolveIdentities::test_resolve_identities_no_instructions_no_identities PASSED [ 65%]
tests/test_instructions.py::TestResolveIdentities::test_resolve_identities_empty_instructions_list PASSED [ 68%]
tests/test_instructions.py::TestResolveIdentities::test_resolve_identities_instruction_token_overrides_default_auth PASSED [ 71%]
tests/test_instructions.py::TestInstructionsInAIPrompt::test_generate_test_cases_signature_accepts_instructions PASSED [ 75%]
tests/test_instructions.py::TestInstructionsInAIPrompt::test_generate_test_cases_instructions_dict_type PASSED [ 78%]
tests/test_instructions.py::TestInstructionsInAIPrompt::test_generate_test_cases_instruction_set_conversion PASSED [ 81%]
tests/test_instructions.py::TestInstructionsEdgeCases::test_instruction_special_characters_in_values PASSED [ 84%]
tests/test_instructions.py::TestInstructionsEdgeCases::test_instruction_json_value PASSED [ 87%]
tests/test_instructions.py::TestInstructionsEdgeCases::test_instruction_comma_in_value_not_supported PASSED [ 90%]
tests/test_instructions.py::TestInstructionsEdgeCases::test_instruction_unicode_values PASSED [ 93%]
tests/test_instructions.py::TestInstructionsEdgeCases::test_resolve_identities_very_long_token PASSED [ 96%]
tests/test_instructions.py::TestInstructionsEdgeCases::test_resolve_identities_instruction_without_token PASSED [100%]

============================== warnings summary ===============================
.venv\Lib\site-packages\_pytest\config\__init__.py:1428
  C:\Users\admin\Desktop\Projects\CyberIntelligence\API-PENTESTER\.venv\Lib\site-packages\_pytest\config\__init__.py:1428: PytestConfigWarning: Unknown config option: asyncio_default_fixture_loop_scope
  
    self._warn_or_fail_if_strict(f"Unknown config option: {key}\n")

.venv\Lib\site-packages\_pytest\config\__init__.py:1428
  C:\Users\admin\Desktop\Projects\CyberIntelligence\API-PENTESTER\.venv\Lib\site-packages\_pytest\config\__init__.py:1428: PytestConfigWarning: Unknown config option: asyncio_mode
  
    self._warn_or_fail_if_strict(f"Unknown config option: {key}\n")

.venv\Lib\site-packages\pydantic\_internal\_config.py:272: 10 warnings
  C:\Users\admin\Desktop\Projects\CyberIntelligence\API-PENTESTER\.venv\Lib\site-packages\pydantic\_internal\_config.py:272: PydanticDeprecatedSince20: Support for class-based `config` is deprecated, use ConfigDict instead. Deprecated in Pydantic V2.0 to be removed in V3.0. See Pydantic V2 Migration Guide at https://errors.pydantic.dev/2.6/migration/
    warnings.warn(DEPRECATION_MESSAGE, DeprecationWarning)

.venv\Lib\site-packages\litellm\proxy\_types.py:53
  C:\Users\admin\Desktop\Projects\CyberIntelligence\API-PENTESTER\.venv\Lib\site-packages\litellm\proxy\_types.py:53: PydanticDeprecatedSince20: Pydantic V1 style `@root_validator` validators are deprecated. You should migrate to Pydantic V2 style `@model_validator` validators, see the migration guide for more details. Deprecated in Pydantic V2.0 to be removed in V3.0. See Pydantic V2 Migration Guide at https://errors.pydantic.dev/2.6/migration/
    @root_validator(pre=True)

.venv\Lib\site-packages\litellm\proxy\_types.py:140
  C:\Users\admin\Desktop\Projects\CyberIntelligence\API-PENTESTER\.venv\Lib\site-packages\litellm\proxy\_types.py:140: PydanticDeprecatedSince20: `pydantic.config.Extra` is deprecated, use literal values instead (e.g. `extra='allow'`). Deprecated in Pydantic V2.0 to be removed in V3.0. See Pydantic V2 Migration Guide at https://errors.pydantic.dev/2.6/migration/
    extra = Extra.allow  # Allow extra fields

.venv\Lib\site-packages\litellm\proxy\_types.py:143
  C:\Users\admin\Desktop\Projects\CyberIntelligence\API-PENTESTER\.venv\Lib\site-packages\litellm\proxy\_types.py:143: PydanticDeprecatedSince20: Pydantic V1 style `@root_validator` validators are deprecated. You should migrate to Pydantic V2 style `@model_validator` validators, see the migration guide for more details. Deprecated in Pydantic V2.0 to be removed in V3.0. See Pydantic V2 Migration Guide at https://errors.pydantic.dev/2.6/migration/
    @root_validator(pre=True)

.venv\Lib\site-packages\litellm\proxy\_types.py:172
  C:\Users\admin\Desktop\Projects\CyberIntelligence\API-PENTESTER\.venv\Lib\site-packages\litellm\proxy\_types.py:172: PydanticDeprecatedSince20: Pydantic V1 style `@root_validator` validators are deprecated. You should migrate to Pydantic V2 style `@model_validator` validators, see the migration guide for more details. Deprecated in Pydantic V2.0 to be removed in V3.0. See Pydantic V2 Migration Guide at https://errors.pydantic.dev/2.6/migration/
    @root_validator(pre=True)

.venv\Lib\site-packages\litellm\proxy\_types.py:218
  C:\Users\admin\Desktop\Projects\CyberIntelligence\API-PENTESTER\.venv\Lib\site-packages\litellm\proxy\_types.py:218: PydanticDeprecatedSince20: Pydantic V1 style `@root_validator` validators are deprecated. You should migrate to Pydantic V2 style `@model_validator` validators, see the migration guide for more details. Deprecated in Pydantic V2.0 to be removed in V3.0. See Pydantic V2 Migration Guide at https://errors.pydantic.dev/2.6/migration/
    @root_validator(pre=True)

.venv\Lib\site-packages\litellm\proxy\_types.py:279
  C:\Users\admin\Desktop\Projects\CyberIntelligence\API-PENTESTER\.venv\Lib\site-packages\litellm\proxy\_types.py:279: PydanticDeprecatedSince20: Pydantic V1 style `@root_validator` validators are deprecated. You should migrate to Pydantic V2 style `@model_validator` validators, see the migration guide for more details. Deprecated in Pydantic V2.0 to be removed in V3.0. See Pydantic V2 Migration Guide at https://errors.pydantic.dev/2.6/migration/
    @root_validator(pre=True)

.venv\Lib\site-packages\litellm\proxy\_types.py:291
  C:\Users\admin\Desktop\Projects\CyberIntelligence\API-PENTESTER\.venv\Lib\site-packages\litellm\proxy\_types.py:291: PydanticDeprecatedSince20: Pydantic V1 style `@root_validator` validators are deprecated. You should migrate to Pydantic V2 style `@model_validator` validators, see the migration guide for more details. Deprecated in Pydantic V2.0 to be removed in V3.0. See Pydantic V2 Migration Guide at https://errors.pydantic.dev/2.6/migration/
    @root_validator(pre=True)

.venv\Lib\site-packages\litellm\proxy\_types.py:330
  C:\Users\admin\Desktop\Projects\CyberIntelligence\API-PENTESTER\.venv\Lib\site-packages\litellm\proxy\_types.py:330: PydanticDeprecatedSince20: Pydantic V1 style `@root_validator` validators are deprecated. You should migrate to Pydantic V2 style `@model_validator` validators, see the migration guide for more details. Deprecated in Pydantic V2.0 to be removed in V3.0. See Pydantic V2 Migration Guide at https://errors.pydantic.dev/2.6/migration/
    @root_validator(pre=True)

.venv\Lib\site-packages\litellm\proxy\_types.py:357
  C:\Users\admin\Desktop\Projects\CyberIntelligence\API-PENTESTER\.venv\Lib\site-packages\litellm\proxy\_types.py:357: PydanticDeprecatedSince20: Pydantic V1 style `@root_validator` validators are deprecated. You should migrate to Pydantic V2 style `@model_validator` validators, see the migration guide for more details. Deprecated in Pydantic V2.0 to be removed in V3.0. See Pydantic V2 Migration Guide at https://errors.pydantic.dev/2.6/migration/
    @root_validator(pre=True)

.venv\Lib\site-packages\litellm\proxy\_types.py:618
  C:\Users\admin\Desktop\Projects\CyberIntelligence\API-PENTESTER\.venv\Lib\site-packages\litellm\proxy\_types.py:618: PydanticDeprecatedSince20: Pydantic V1 style `@root_validator` validators are deprecated. You should migrate to Pydantic V2 style `@model_validator` validators, see the migration guide for more details. Deprecated in Pydantic V2.0 to be removed in V3.0. See Pydantic V2 Migration Guide at https://errors.pydantic.dev/2.6/migration/
    @root_validator(pre=True)

.venv\Lib\site-packages\litellm\proxy\_types.py:641
  C:\Users\admin\Desktop\Projects\CyberIntelligence\API-PENTESTER\.venv\Lib\site-packages\litellm\proxy\_types.py:641: PydanticDeprecatedSince20: Pydantic V1 style `@root_validator` validators are deprecated. You should migrate to Pydantic V2 style `@model_validator` validators, see the migration guide for more details. Deprecated in Pydantic V2.0 to be removed in V3.0. See Pydantic V2 Migration Guide at https://errors.pydantic.dev/2.6/migration/
    @root_validator(pre=True)

.venv\Lib\site-packages\litellm\proxy\_types.py:660
  C:\Users\admin\Desktop\Projects\CyberIntelligence\API-PENTESTER\.venv\Lib\site-packages\litellm\proxy\_types.py:660: PydanticDeprecatedSince20: Pydantic V1 style `@root_validator` validators are deprecated. You should migrate to Pydantic V2 style `@model_validator` validators, see the migration guide for more details. Deprecated in Pydantic V2.0 to be removed in V3.0. See Pydantic V2 Migration Guide at https://errors.pydantic.dev/2.6/migration/
    @root_validator(pre=True)

.venv\Lib\site-packages\litellm\llms\prompt_templates\factory.py:6
  C:\Users\admin\Desktop\Projects\CyberIntelligence\API-PENTESTER\.venv\Lib\site-packages\litellm\llms\prompt_templates\factory.py:6: DeprecationWarning: 'imghdr' is deprecated and slated for removal in Python 3.13
    import imghdr, base64

-- Docs: https://docs.pytest.org/en/stable/how-to/capture-warnings.html
======================= 32 passed, 25 warnings in 2.38s =======================
